{
  _type: 'element',
  tags: null,
  links: null,
  viewOf: 'tre.tre_app',
  _stage: 'layouted',
  sourcePath: 'tre/app.c4',
  description: null,
  title: 'TRE / TRE App',
  id: 'tre_app',
  autoLayout: {
    direction: 'TB',
  },
  notation: {
    nodes: [
      {
        title: 'A group of applications arranged in a stack',
        shape: 'rectangle',
        color: 'system-colour',
        kinds: [
          'system',
        ],
      },
      {
        title: 'Complex applications with multiple components',
        shape: 'rectangle',
        color: 'service-colour',
        kinds: [
          'service',
        ],
      },
      {
        title: 'Individual applications',
        shape: 'rectangle',
        color: 'muted',
        kinds: [
          'component',
        ],
      },
    ],
  },
  hash: 'drJ36QM3X_wHEbiJwuoFS3-zI-jrmZG_WradxY-RsNk',
  bounds: {
    x: 993,
    y: -336,
    width: 1444,
    height: 936,
  },
  nodes: [
    {
      id: 'egress',
      parent: null,
      level: 0,
      children: [],
      inEdges: [
        '1f60xet',
      ],
      outEdges: [
        '161023p',
      ],
      title: 'Egress',
      modelRef: 'egress',
      shape: 'rectangle',
      color: 'system-colour',
      style: {
        opacity: 15,
        size: 'md',
      },
      description: {
        txt: 'Allow approval / rejection of results before they leave the TRE',
      },
      tags: [],
      notation: 'A group of applications arranged in a stack',
      technology: '[Docker Compose]',
      kind: 'system',
      navigateTo: 'egress',
      x: 1038,
      y: 397,
      width: 320,
      height: 180,
      labelBBox: {
        x: 19,
        y: 46,
        width: 282,
        height: 85,
      },
      links: null,
    },
    {
      id: 'tre.tre_app',
      parent: null,
      level: 0,
      children: [
        'tre.tre_app.tre_ui',
        'tre.tre_app.tre_api',
      ],
      inEdges: [
        '161023p',
      ],
      outEdges: [
        '1ynh188',
        'okgfcy',
        '1f60xet',
        '1m25j2k',
        '15summ5',
        'drzwkm',
        '1jjdmzr',
      ],
      title: 'TRE Agent',
      modelRef: 'tre.tre_app',
      shape: 'rectangle',
      color: 'service-colour',
      style: {
        opacity: 15,
        size: 'md',
      },
      description: {
        txt: 'Application responsible for picking up and dispatching jobs to agents',
      },
      tags: [],
      notation: 'Complex applications with multiple components',
      kind: 'service',
      depth: 1,
      x: 1013,
      y: 8,
      width: 876,
      height: 281,
      labelBBox: {
        x: 6,
        y: 0,
        width: 68,
        height: 15,
      },
      navigateTo: null,
      links: null,
    },
    {
      id: 'tre.tre_app.tre_ui',
      parent: 'tre.tre_app',
      level: 1,
      children: [],
      inEdges: [
        'ja9udq',
      ],
      outEdges: [
        '14q8qry',
      ],
      title: 'TRE Agent UI',
      modelRef: 'tre.tre_app.tre_ui',
      shape: 'rectangle',
      color: 'muted',
      icon: 'file://./logos/5s-tes-logo.svg',
      style: {
        opacity: 15,
        size: 'md',
      },
      description: {
        txt: 'Interface for managing TRE configuration',
      },
      tags: [],
      notation: 'Individual applications',
      kind: 'component',
      x: 1053,
      y: 69,
      width: 320,
      height: 180,
      labelBBox: {
        x: 52,
        y: 56,
        width: 246,
        height: 65,
      },
      navigateTo: null,
      links: null,
    },
    {
      id: 'tre.tre_app.tre_api',
      parent: 'tre.tre_app',
      level: 1,
      children: [],
      inEdges: [
        '161023p',
        '14q8qry',
      ],
      outEdges: [
        'ja9udq',
        '1ynh188',
        'okgfcy',
        '1f60xet',
        '1m25j2k',
        '15summ5',
        'drzwkm',
        '1jjdmzr',
      ],
      title: 'TRE API',
      modelRef: 'tre.tre_app.tre_api',
      shape: 'rectangle',
      color: 'muted',
      icon: 'file://./logos/5s-tes-logo.svg',
      style: {
        opacity: 15,
        size: 'md',
      },
      description: {
        txt: 'Backend for management of the protected environment, handles job dispatch, movement of datasets and credentials',
      },
      tags: [],
      notation: 'Individual applications',
      kind: 'component',
      x: 1483,
      y: 69,
      width: 365,
      height: 180,
      labelBBox: {
        x: 47,
        y: 38,
        width: 303,
        height: 101,
      },
      navigateTo: null,
      links: null,
    },
    {
      id: 'submission',
      parent: null,
      level: 0,
      children: [],
      inEdges: [
        '1ynh188',
      ],
      outEdges: [],
      title: 'Submission Layer',
      modelRef: 'submission',
      shape: 'rectangle',
      color: 'system-colour',
      style: {
        opacity: 15,
        size: 'md',
      },
      description: {
        txt: 'User interaction layer, job submission',
      },
      tags: [],
      notation: 'A group of applications arranged in a stack',
      technology: '[Docker Compose]',
      kind: 'system',
      navigateTo: 'submission',
      x: 1430,
      y: 400,
      width: 320,
      height: 180,
      labelBBox: {
        x: 33,
        y: 55,
        width: 253,
        height: 67,
      },
      links: null,
    },
    {
      id: 'execution',
      parent: null,
      level: 0,
      children: [],
      inEdges: [
        'okgfcy',
      ],
      outEdges: [],
      title: 'Execution Layer',
      modelRef: 'execution',
      shape: 'rectangle',
      color: 'system-colour',
      style: {
        opacity: 15,
        size: 'md',
      },
      description: {
        txt: 'Stack responsible for job execution',
      },
      tags: [],
      notation: 'A group of applications arranged in a stack',
      kind: 'system',
      navigateTo: 'execution',
      x: 1821,
      y: 400,
      width: 320,
      height: 180,
      labelBBox: {
        x: 42,
        y: 65,
        width: 237,
        height: 47,
      },
      links: null,
    },
    {
      id: 'tre.camunda',
      parent: null,
      level: 0,
      children: [],
      inEdges: [
        '1m25j2k',
      ],
      outEdges: [],
      title: 'Camunda',
      modelRef: 'tre.camunda',
      shape: 'rectangle',
      color: 'muted',
      icon: 'file://./logos/camunda.svg',
      style: {
        opacity: 15,
        size: 'md',
      },
      description: {
        txt: 'Credential Handler',
      },
      tags: [],
      notation: 'Individual applications',
      kind: 'component',
      x: 2097,
      y: 65,
      width: 320,
      height: 180,
      labelBBox: {
        x: 82,
        y: 65,
        width: 187,
        height: 47,
      },
      navigateTo: null,
      links: null,
    },
    {
      id: 'tre.s3',
      parent: null,
      level: 0,
      children: [],
      inEdges: [
        '15summ5',
      ],
      outEdges: [],
      title: 'RustFS',
      modelRef: 'tre.s3',
      shape: 'rectangle',
      color: 'muted',
      icon: 'file://./logos/rustfs.svg',
      style: {
        opacity: 15,
        size: 'md',
      },
      description: {
        txt: 'S3 Object Store for inputs and results awaiting approval',
      },
      tags: [],
      notation: 'Individual applications',
      kind: 'component',
      x: 1914,
      y: -314,
      width: 325,
      height: 180,
      labelBBox: {
        x: 47,
        y: 56,
        width: 263,
        height: 65,
      },
      navigateTo: null,
      links: null,
    },
    {
      id: 'tre.postgres',
      parent: null,
      level: 0,
      children: [],
      inEdges: [
        'drzwkm',
      ],
      outEdges: [],
      title: 'Postgres',
      modelRef: 'tre.postgres',
      shape: 'rectangle',
      color: 'muted',
      icon: 'file://./logos/postgresql.svg',
      style: {
        opacity: 15,
        size: 'md',
      },
      description: {
        txt: 'Store project details, config',
      },
      tags: [],
      notation: 'Individual applications',
      kind: 'component',
      x: 1510,
      y: -316,
      width: 320,
      height: 180,
      labelBBox: {
        x: 54,
        y: 65,
        width: 243,
        height: 47,
      },
      navigateTo: null,
      links: null,
    },
    {
      id: 'tre.vault',
      parent: null,
      level: 0,
      children: [],
      inEdges: [
        '1jjdmzr',
      ],
      outEdges: [],
      title: 'Vault',
      modelRef: 'tre.vault',
      shape: 'rectangle',
      color: 'muted',
      icon: 'file://./logos/vault.svg',
      style: {
        opacity: 15,
        size: 'md',
      },
      description: {
        txt: 'Secret Manager',
      },
      tags: [],
      notation: 'Individual applications',
      kind: 'component',
      x: 1107,
      y: -316,
      width: 320,
      height: 180,
      labelBBox: {
        x: 91,
        y: 65,
        width: 168,
        height: 47,
      },
      navigateTo: null,
      links: null,
    },
  ],
  edges: [
    {
      id: '161023p',
      parent: null,
      source: 'egress',
      target: 'tre.tre_app.tre_api',
      label: 'Send approve / reject signal',
      relations: [
        '1cbec33',
      ],
      color: 'gray',
      line: 'dashed',
      head: 'normal',
      points: [
        [
          320,
          410,
        ],
        [
          338,
          404,
        ],
        [
          357,
          397,
        ],
        [
          375,
          392,
        ],
        [
          585,
          331,
        ],
        [
          643,
          332,
        ],
        [
          860,
          309,
        ],
        [
          986,
          296,
        ],
        [
          1306,
          322,
        ],
        [
          1428,
          289,
        ],
        [
          1458,
          281,
        ],
        [
          1489,
          268,
        ],
        [
          1518,
          254,
        ],
      ],
      labelBBox: {
        x: 1363,
        y: 344,
        width: 178,
        height: 18,
      },
      isLabelCustomized: true,
      controlPoints: [
        {
          x: 1242,
          y: 407,
        },
        {
          x: 1387,
          y: 365,
        },
        {
          x: 1488,
          y: 336,
        },
        {
          x: 1621,
          y: 271,
        },
      ],
      navigateTo: null,
      tags: null,
    },
    {
      id: '14q8qry',
      parent: 'tre.tre_app',
      source: 'tre.tre_app.tre_ui',
      target: 'tre.tre_app.tre_api',
      label: null,
      relations: [
        'g6vbce',
      ],
      color: 'gray',
      line: 'dashed',
      head: 'normal',
      points: [
        [
          1373,
          221,
        ],
        [
          1406,
          227,
        ],
        [
          1440,
          228,
        ],
        [
          1473,
          225,
        ],
      ],
      labelBBox: null,
      isLabelCustomized: false,
      controlPoints: null,
      navigateTo: null,
      tags: null,
    },
    {
      id: 'ja9udq',
      parent: 'tre.tre_app',
      source: 'tre.tre_app.tre_api',
      target: 'tre.tre_app.tre_ui',
      label: null,
      relations: [
        '1tkpjbj',
      ],
      color: 'gray',
      line: 'dashed',
      head: 'normal',
      points: [
        [
          1484,
          94,
        ],
        [
          1450,
          90,
        ],
        [
          1416,
          91,
        ],
        [
          1383,
          96,
        ],
      ],
      labelBBox: null,
      isLabelCustomized: false,
      controlPoints: null,
      navigateTo: null,
      tags: null,
    },
    {
      id: '1ynh188',
      parent: null,
      source: 'tre.tre_app.tre_api',
      target: 'submission',
      label: 'Queries for jobs',
      relations: [
        'wof46c',
      ],
      color: 'gray',
      line: 'dashed',
      head: 'normal',
      points: [
        [
          1524,
          249,
        ],
        [
          1493,
          265,
        ],
        [
          1460,
          279,
        ],
        [
          1428,
          289,
        ],
        [
          1339,
          316,
        ],
        [
          1311,
          296,
        ],
        [
          1219,
          309,
        ],
        [
          1033,
          337,
        ],
        [
          985,
          337,
        ],
        [
          805,
          392,
        ],
        [
          790,
          397,
        ],
        [
          775,
          402,
        ],
        [
          759,
          407,
        ],
      ],
      labelBBox: {
        x: 1598,
        y: 318,
        width: 103,
        height: 18,
      },
      isLabelCustomized: true,
      controlPoints: [
        {
          x: 1677,
          y: 270,
        },
        {
          x: 1658,
          y: 304,
        },
        {
          x: 1626,
          y: 324,
        },
        {
          x: 1590,
          y: 397,
        },
      ],
      navigateTo: null,
      tags: null,
    },
    {
      id: 'okgfcy',
      parent: null,
      source: 'tre.tre_app.tre_api',
      target: 'execution',
      label: 'Send configured job',
      relations: [
        '1tmft2e',
      ],
      color: 'gray',
      line: 'dashed',
      head: 'normal',
      points: [
        [
          1505,
          249,
        ],
        [
          1479,
          263,
        ],
        [
          1453,
          277,
        ],
        [
          1428,
          289,
        ],
        [
          1350,
          328,
        ],
        [
          1263,
          370,
        ],
        [
          1189,
          404,
        ],
      ],
      labelBBox: {
        x: 1813,
        y: 312,
        width: 129,
        height: 18,
      },
      isLabelCustomized: false,
      controlPoints: [
        {
          x: 1753,
          y: 250,
        },
        {
          x: 1849,
          y: 351,
        },
      ],
      navigateTo: null,
      tags: null,
    },
    {
      id: '1f60xet',
      parent: null,
      source: 'tre.tre_app.tre_api',
      target: 'egress',
      label: 'Notifies results available',
      relations: [
        '15es5vn',
      ],
      color: 'gray',
      line: 'dashed',
      head: 'normal',
      points: [
        [
          1528,
          249,
        ],
        [
          1496,
          265,
        ],
        [
          1462,
          280,
        ],
        [
          1428,
          289,
        ],
        [
          1221,
          344,
        ],
        [
          671,
          253,
        ],
        [
          464,
          309,
        ],
        [
          405,
          325,
        ],
        [
          344,
          356,
        ],
        [
          294,
          387,
        ],
      ],
      labelBBox: {
        x: 1266,
        y: 293,
        width: 155,
        height: 18,
      },
      isLabelCustomized: true,
      controlPoints: [
        {
          x: 1622,
          y: 269,
        },
        {
          x: 1381,
          y: 269,
        },
        {
          x: 1243,
          y: 346,
        },
      ],
      navigateTo: null,
      tags: null,
    },
    {
      id: '1m25j2k',
      parent: null,
      source: 'tre.tre_app.tre_api',
      target: 'tre.camunda',
      label: 'Requests credentials',
      relations: [
        '1kar3an',
      ],
      color: 'gray',
      line: 'dashed',
      head: 'normal',
      points: [
        [
          1606,
          249,
        ],
        [
          1578,
          291,
        ],
        [
          1545,
          341,
        ],
        [
          1516,
          383,
        ],
      ],
      labelBBox: {
        x: 1910,
        y: 146,
        width: 135,
        height: 18,
      },
      isLabelCustomized: true,
      controlPoints: [
        {
          x: 1874,
          y: 157,
        },
      ],
      navigateTo: null,
      tags: null,
    },
    {
      id: '15summ5',
      parent: null,
      source: 'tre.tre_app.tre_api',
      target: 'tre.s3',
      label: '[...]',
      relations: [
        'l6m54q',
        'uv8oc4',
      ],
      color: 'gray',
      line: 'dashed',
      head: 'normal',
      points: [
        [
          1726,
          249,
        ],
        [
          1754,
          291,
        ],
        [
          1788,
          341,
        ],
        [
          1817,
          384,
        ],
      ],
      labelBBox: {
        x: 1875,
        y: -33,
        width: 25,
        height: 18,
      },
      isLabelCustomized: false,
      controlPoints: [
        {
          x: 1897,
          y: -56,
        },
      ],
      navigateTo: null,
      tags: null,
    },
    {
      id: 'drzwkm',
      parent: null,
      source: 'tre.tre_app.tre_api',
      target: 'tre.postgres',
      label: 'Stores / retrieves data',
      relations: [
        '1wrfhwj',
      ],
      color: 'gray',
      line: 'dashed',
      head: 'normal',
      points: [
        [
          1846,
          249,
        ],
        [
          1940,
          296,
        ],
        [
          2055,
          352,
        ],
        [
          2147,
          398,
        ],
      ],
      labelBBox: {
        x: 1659,
        y: -60,
        width: 141,
        height: 18,
      },
      isLabelCustomized: false,
      controlPoints: [
        {
          x: 1667,
          y: -36,
        },
      ],
      navigateTo: null,
      tags: null,
    },
    {
      id: '1jjdmzr',
      parent: null,
      source: 'tre.tre_app.tre_api',
      target: 'tre.vault',
      label: 'Retrieves ephemeral credentials',
      relations: [
        '1ntx0zp',
      ],
      color: 'gray',
      line: 'dashed',
      head: 'normal',
      points: [
        [
          1848,
          202,
        ],
        [
          2025,
          244,
        ],
        [
          2299,
          313,
        ],
        [
          2531,
          392,
        ],
        [
          2546,
          397,
        ],
        [
          2561,
          403,
        ],
        [
          2577,
          408,
        ],
      ],
      labelBBox: {
        x: 1381,
        y: -111,
        width: 205,
        height: 18,
      },
      isLabelCustomized: false,
      controlPoints: [
        {
          x: 1457,
          y: -39,
        },
        {
          x: 1316,
          y: -176,
        },
      ],
      navigateTo: null,
      tags: null,
    },
  ],
  _layout: 'manual',
}
